// Jest Snapshot v1, https://goo.gl/fbAQLP

exports[`snapshot test should render Header correctly 1`] = `
<Menu
  className=""
  focusable={false}
  mode="horizontal"
  theme="dark"
>
  <MenuItem>
    <Icon
      theme="twoTone"
      type="home"
    />
    Home
  </MenuItem>
  <MenuItem>
    <Icon
      theme="twoTone"
      type="profile"
    />
    About us
  </MenuItem>
  <MenuItem>
    <Icon
      theme="twoTone"
      type="mail"
    />
    Contact us
  </MenuItem>
  <MenuItem>
    <Icon
      theme="twoTone"
      type="mail"
    />
    Register
  </MenuItem>
  <MenuItem>
    <ForwardRef
      to="/app/user-profile"
    >
      <span>
        <Avatar
          icon="user"
          shape="square"
          size="large"
        />
        <span>
           Log in 
        </span>
      </span>
    </ForwardRef>
  </MenuItem>
</Menu>
`;
