// Jest Snapshot v1, https://goo.gl/fbAQLP

exports[`Job Description screenshot test Job Description page should render correctly 1`] = `
<div>
  <h2
    style={
      Object {
        "margin": "10px 0",
      }
    }
  >
    
  </h2>
  <Popover
    mouseEnterDelay={0.1}
    mouseLeaveDelay={0.1}
    overlayStyle={Object {}}
    placement="top"
    transitionName="zoom-big"
    trigger="hover"
  >
    <div>
       - 
    </div>
  </Popover>
  <Popover
    content="We will use your default information to apply to the job"
    mouseEnterDelay={0.1}
    mouseLeaveDelay={0.1}
    overlayStyle={Object {}}
    placement="top"
    transitionName="zoom-big"
    trigger="hover"
  >
    <Button
      block={false}
      ghost={false}
      htmlType="button"
      loading={false}
      onClick={[Function]}
      type="primary"
    >
      Apply Now
    </Button>
  </Popover>
  <div>
    <Modal
      cancelButtonDisabled={false}
      cancelText="Cancel"
      confirmLoading={false}
      maskTransitionName="fade"
      okButtonDisabled={false}
      okText="Okay"
      okType="primary"
      onCancel={[Function]}
      onOk={[Function]}
      title="Modal"
      transitionName="zoom"
      visible={false}
      width={520}
    >
      <p>
        You Already Applied...
      </p>
    </Modal>
  </div>
  <div>
    <Modal
      cancelButtonDisabled={false}
      cancelText="Cancel"
      confirmLoading={false}
      maskTransitionName="fade"
      okButtonDisabled={false}
      okText="Okay"
      okType="primary"
      onCancel={[Function]}
      onOk={[Function]}
      title="Modal"
      transitionName="zoom"
      visible={false}
      width={520}
    >
      <p>
        Thanks for applied to xxxx, Employer will contact you in shortly
      </p>
    </Modal>
  </div>
  <Tabs
    defaultActiveKey="1"
    hideAdd={false}
    tabPosition="top"
  >
    <TabPane
      placeholder={null}
      tab="Job"
    >
      <div>
        <jobDetails
          jobInfo={
            Object {
              "clickedCount": 0,
              "description": "",
              "requirements": Array [],
              "title": "",
              "type": "",
            }
          }
        />
      </div>
    </TabPane>
    <TabPane
      placeholder={null}
      tab="Company"
    >
      <div>
        <companyDetail
          companyInfo={Object {}}
        />
      </div>
    </TabPane>
    <TabPane
      placeholder={null}
      tab="Location"
    >
      <div>
        <location
          locationInfo={Object {}}
        />
      </div>
    </TabPane>
    <TabPane
      placeholder={null}
      tab="Applicant List"
    >
      <div>
        <applicantList
          applicant={
            Array [
              Object {
                "address": "New York No. 1 Lake Park",
                "degree": "Associate degree in computer science",
                "key": "1",
                "name": "John Brown",
              },
              Object {
                "address": "London No. 2 Lake Park",
                "degree": "Associate degree in computer science",
                "key": "2",
                "name": "Joe Black",
              },
              Object {
                "address": "Sidney No. 3 Lake Park",
                "degree": "Associate degree in computer information system",
                "key": "3",
                "name": "Jim Green",
              },
              Object {
                "address": "London No. 4 Lake Park",
                "degree": "Associate degree in computer information system",
                "key": "4",
                "name": "Jim Red",
              },
              Object {
                "address": "New York No. 5 Lake Park",
                "degree": "Associate degree in computer information system",
                "key": "1",
                "name": "John Brown",
              },
              Object {
                "address": "London No. 6 Lake Park",
                "degree": "Associate degree in computer information system",
                "key": "2",
                "name": "Joe Black",
              },
              Object {
                "address": "Sidney No. 7 Lake Park",
                "degree": "Associate degree in computer information system",
                "key": "3",
                "name": "Jim Green",
              },
              Object {
                "address": "London No. 8 Lake Park",
                "degree": "Associate degree in computer information system",
                "key": "4",
                "name": "Jim Red",
              },
              Object {
                "address": "New York No. 9 Lake Park",
                "degree": "Associate degree in computer information system",
                "key": "1",
                "name": "John Brown",
              },
              Object {
                "address": "London No. 10 Lake Park",
                "degree": "Associate degree in math education",
                "key": "2",
                "name": "Joe Black",
              },
              Object {
                "address": "Sidney No. 11 Lake Park",
                "degree": "Associate degree in math",
                "key": "3",
                "name": "Jim Green",
              },
              Object {
                "address": "London No. 12 Lake Park",
                "degree": "Associate degree in computer information system",
                "key": "4",
                "name": "Jim Red",
              },
            ]
          }
        />
      </div>
    </TabPane>
  </Tabs>
</div>
`;
