// Jest Snapshot v1, https://goo.gl/fbAQLP

exports[`Business profile screenshot test Business profile should render correctly 1`] = `
<Spin
  size="default"
  spinning={true}
  style={
    Object {
      "left": "45%",
      "position": "absolute",
      "top": "30%",
    }
  }
  tip="Please wait for a moment"
  wrapperClassName=""
/>
`;
