// Jest Snapshot v1, https://goo.gl/fbAQLP

exports[`Contact page screenshot test Contact page should render correctly 1`] = `
<div
  align="center"
  className="mainDiv"
  style={
    Object {
      "backgroundImage": "url('https://images.pexels.com/photos/990818/pexels-photo-990818.jpeg?cs=srgb&dl=agenda-analysis-business-plan-990818.jpg&fm=jpg')",
      "backgroundSize": "cover",
    }
  }
>
  <br />
  <h1
    align="center"
    className="title"
    style={
      Object {
        "color": "white",
        "fontSize": "3em",
      }
    }
  >
    Contact Us
  </h1>
  <br />
  <br />
  <Column
    flexGrow={1}
  >
    <Row
      vertical="center"
    >
      <Column
        flexGrow={1}
        horizontal="center"
      >
        <Card
          size="default"
          style={
            Object {
              "backgroundColor": "#fcfcfc",
              "border": "2px solid black",
              "borderRadius": 15,
              "height": 210,
            }
          }
          title={
            <Icon
              style={
                Object {
                  "fontSize": 25,
                }
              }
              type="phone"
            />
          }
        >
          <br />
          <p
            className="description"
          >
            +1800JOBFIRST
          </p>
        </Card>
      </Column>
      <Column
        flexGrow={1}
        horizontal="center"
      >
        <Card
          size="default"
          style={
            Object {
              "backgroundColor": "#fcfcfc",
              "border": "2px solid black",
              "borderRadius": 20,
              "height": 210,
              "width": 250,
            }
          }
          title={
            <Icon
              style={
                Object {
                  "fontSize": 25,
                }
              }
              type="home"
            />
          }
        >
          <p
            className="description"
          >
            160 Convent Av,
            <br />
             New York, NY
            <br />
             10031
          </p>
        </Card>
      </Column>
    </Row>
  </Column>
</div>
`;
